initial,
INSTALL [color="#00cc00"],
INSTALLING [color="#00cc00"],
INSTALLED [color="#00cc00"],
ACTIVATE [color="#00cc00"],
ACTIVATING [color="#00cc00"],
ACTIVATED [color="#4993dd"],
TERMINATED [color="#9393dd"],
final;

initial => INSTALL;
INSTALL => INSTALLING: CLIENT;
INSTALL => TERMINATED: CLIENT;
INSTALLING => INSTALLING: CLIENT;
INSTALLING => TERMINATED: CLIENT;
INSTALLING => INSTALLED: CLIENT;
INSTALLED => ACTIVATE: WFX;
ACTIVATE => ACTIVATING: CLIENT;
ACTIVATE => TERMINATED: CLIENT;
ACTIVATING => ACTIVATING: CLIENT;
ACTIVATING => TERMINATED: CLIENT;
ACTIVATING => ACTIVATED: CLIENT;
ACTIVATED => final;
TERMINATED => final;
